{"_id":"57f5f5e069d5951230687440","sku_code":"4946123456789","sku_name":"Smaple Item for Facebook","price":"25.50","currency":"USD","description":"xxxxx"}