{"_id":"57f5f5d269d595123068743f","sku_code":"4548123456789","sku_name":"Smaple Item for LINE","price":"25.50","currency":"USD","description":"xxxxx"}